Microchip MPLAB XC8 Compiler V2.00 ()

Linker command line:

-W-3 --edf=C:\Program Files (x86)\Microchip\xc8\v2.00\pic\dat\en_msgs.txt \
  -cs -h+dist/default/production\sensordetemperatura.X.production.sym \
  --cmf=dist/default/production\sensordetemperatura.X.production.cmf -z \
  -Q16F887 -oC:\Users\20185076\AppData\Local\Temp\sevs.2 \
  -Mdist/default/production/sensordetemperatura.X.production.map -E1 \
  -ver=XC8 --acfsm=1493 -ASTACK=0110h-016fh -pstack=STACK \
  -ACODE=00h-07FFhx4 -ASTRCODE=00h-01FFFh -ASTRING=00h-0FFhx32 \
  -ACONST=00h-0FFhx32 -AENTRY=00h-0FFhx32 -ACOMMON=070h-07Fh \
  -ABANK0=020h-06Fh -ABANK1=0A0h-0EFh -ABANK2=0110h-016Fh \
  -ABANK3=0190h-01EFh -ARAM=020h-06Fh,0A0h-0EFh,0110h-016Fh,0190h-01EFh \
  -AABS1=020h-07Fh,0A0h-0EFh,0110h-016Fh,0190h-01EFh -ASFR0=00h-01Fh \
  -ASFR1=080h-09Fh -ASFR2=0100h-010Fh -ASFR3=0180h-018Fh \
  -preset_vec=00h,intentry=04h,init,end_init -ppowerup=CODE -pcinit=CODE \
  -pfunctab=ENTRY -ACONFIG=02007h-02008h -pconfig=CONFIG -DCONFIG=2 \
  -AIDLOC=02000h-02003h -pidloc=IDLOC -DIDLOC=2 -AEEDATA=00h-0FFh/02100h \
  -peeprom_data=EEDATA -DEEDATA=2 -DCODE=2 -DSTRCODE=2 -DSTRING=2 -DCONST=2 \
  -DENTRY=2 -k C:\Users\20185076\AppData\Local\Temp\sevs.o \
  dist/default/production\sensordetemperatura.X.production.o 

Object code version is 3.11

Machine type is 16F887



                Name                               Link     Load   Length Selector   Space Scale
C:\Users\20185076\AppData\Local\Temp\sevs.o
                end_init                              C        C        3        8       0
                reset_vec                             0        0        3        0       0
                config                             2007     2007        2     400E       0
dist/default/production\sensordetemperatura.X.production.o
                cinit                                 F        F       18        8       0
                functab                              27       27       12       4E       0
                intentry                              4        4        8        8       0
                text20                              753      753       1F      784       0
                text19                              7B5      7B5       14      784       0
                text18                              6D5      6D5       2F      784       0
                text17                              460      460       80      784       0
                text16                              7A0      7A0       15      784       0
                text15                              6A3      6A3       32      784       0
                text14                              7F7      7F7        7      784       0
                text13                              789      789       17      784       0
                text12                              662      662       41      784       0
                text11                              4E0      4E0       73      784       0
                text10                              553      553       65      784       0
                text9                               231      231       EF       72       0
                text8                               732      732       21      784       0
                text7                               7DC      7DC       10      784       0
                text6                               5B8      5B8       5E      784       0
                text5                               7EC      7EC        B      784       0
                text4                               FFA      FFA        6     1FF4       0
                text3                               616      616       4C      784       0
                text2                               704      704       2E      784       0
                text1                               3C2      3C2       9E      784       0
                maintext                             39       39      1F8       72       0
                cstackBANK0                          20       20       21       20       1
                cstackCOMMON                         70       70        8       70       1
                inittext                            7C9      7C9       13      784       0
                dataBANK0                            41       41       17       20       1
                bssBANK0                             58       58        4       20       1
                bssCOMMON                            78       78        2       70       1
                strings                             320      320       A2      640       0
                idataBANK0                          772      772       17      784       0

TOTAL           Name                               Link     Load   Length     Space
        CLASS   STACK          

        CLASS   CODE           
                end_init                              C        C        3         0
                cinit                                 F        F       18         0
                intentry                              4        4        8         0
                reset_vec                             0        0        3         0
                text20                              753      753       1F         0
                text19                              7B5      7B5       14         0
                text18                              6D5      6D5       2F         0
                text17                              460      460       80         0
                text16                              7A0      7A0       15         0
                text15                              6A3      6A3       32         0
                text14                              7F7      7F7        7         0
                text13                              789      789       17         0
                text12                              662      662       41         0
                text11                              4E0      4E0       73         0
                text10                              553      553       65         0
                text9                               231      231       EF         0
                text8                               732      732       21         0
                text7                               7DC      7DC       10         0
                text6                               5B8      5B8       5E         0
                text5                               7EC      7EC        B         0
                text4                               FFA      FFA        6         0
                text3                               616      616       4C         0
                text2                               704      704       2E         0
                text1                               3C2      3C2       9E         0
                maintext                             39       39      1F8         0
                inittext                            7C9      7C9       13         0
                idataBANK0                          772      772       17         0

        CLASS   STRCODE        

        CLASS   STRING         
                strings                             320      320       A2         0

        CLASS   CONST          

        CLASS   ENTRY          
                functab                              27       27       12         0

        CLASS   COMMON         
                cstackCOMMON                         70       70        8         1
                bssCOMMON                            78       78        2         1

        CLASS   BANK0          
                cstackBANK0                          20       20       21         1
                dataBANK0                            41       41       17         1
                bssBANK0                             58       58        4         1

        CLASS   BANK1          

        CLASS   BANK2          

        CLASS   BANK3          

        CLASS   RAM            

        CLASS   ABS1           
                abs_s1                               7E       7E        2         1

        CLASS   SFR0           

        CLASS   SFR1           

        CLASS   SFR2           

        CLASS   SFR3           

        CLASS   CONFIG         
                config                             2007     2007        2         0

        CLASS   IDLOC          

        CLASS   EEDATA         



SEGMENTS        Name                           Load    Length   Top    Selector   Space  Class     Delta

                reset_vec                      000000  000003  000003         0       0  CODE        2
                intentry                       000004  000023  000027         8       0  CODE        2
                cstackBANK0                    000020  00003C  00005C        20       1  BANK0       1
                functab                        000027  000012  000039        4E       0  ENTRY       2
                cstackCOMMON                   000070  00000A  00007A        70       1  COMMON      1
                maintext                       000039  0002E7  000320        72       0  CODE        2
                strings                        000320  0000A2  0003C2       640       0  STRING      2
                text1                          0003C2  00043C  0007FE       784       0  CODE        2
                text4                          000FFA  000006  001000      1FF4       0  CODE        2
                config                         002007  000002  002009      400E       0  CONFIG      2


UNUSED ADDRESS RANGES

        Name                Unused          Largest block    Delta
        BANK0            005C-006F             14           1
        BANK1            00A0-00EF             50           1
        BANK2            0110-016F             60           1
        BANK3            0190-01EF             60           1
        CODE             0003-0003              1           2
                         07FE-0FF9              2
                         1000-1FFF            800
        COMMON           007A-007D              4           1
        CONST            0003-0003              1           2
                         07FE-0FF9            100
                         1000-1FFF            100
        EEDATA           2100-21FF            100           2
        ENTRY            0003-0003              1           2
                         07FE-0FF9            100
                         1000-1FFF            100
        IDLOC            2000-2003              4           2
        RAM              005C-006F             14           1
                         00A0-00EF             50
                         0110-016F             60
                         0190-01EF             60
        SFR0             0000-001F             20           1
        SFR1             0080-009F             20           1
        SFR2             0100-010F             10           1
        SFR3             0180-018F             10           1
        STACK            0110-016F             60           1
        STRCODE          0003-0003              1           2
                         07FE-0FF9            7FC
                         1000-1FFF           1000
        STRING           0003-0003              1           2
                         07FE-0FF9            100
                         1000-1FFF            100

                                  Symbol Table

?_ADC_read                cstackCOMMON 0074
?___awdiv                 cstackBANK0  0022
?___awmod                 cstackCOMMON 0074
?___lmul                  cstackBANK0  0020
?___wmul                  cstackCOMMON 0074
_ADCON0bits               (abs)        001F
_ADCON1bits               (abs)        009F
_ADC_init                 text8        0732
_ADC_int                  text20       0753
_ADC_read                 text4        0FFA
_ADC_value                bssCOMMON    0078
_ADRESH                   (abs)        001E
_ADRESL                   (abs)        009E
_ANSELH                   (abs)        0189
_ANSELbits                (abs)        0188
_INTCONbits               (abs)        000B
_LCDbits                  (abs)        0008
_PIE1bits                 (abs)        008C
_PIR1bits                 (abs)        000C
_PORTB                    (abs)        0006
_TRISB                    (abs)        0086
_TRISDbits                (abs)        0088
__CFG_BOR4V$BOR40V        (abs)        0000
__CFG_BOREN$OFF           (abs)        0000
__CFG_CP$OFF              (abs)        0000
__CFG_CPD$OFF             (abs)        0000
__CFG_FCMEN$OFF           (abs)        0000
__CFG_FOSC$INTRC_NOCLKOUT (abs)        0000
__CFG_IESO$OFF            (abs)        0000
__CFG_LVP$OFF             (abs)        0000
__CFG_MCLRE$OFF           (abs)        0000
__CFG_PWRTE$OFF           (abs)        0000
__CFG_WDTE$OFF            (abs)        0000
__CFG_WRT$OFF             (abs)        0000
__Habs1                   abs1         0000
__Hbank0                  bank0        0000
__Hbank1                  bank1        0000
__Hbank2                  bank2        0000
__Hbank3                  bank3        0000
__HbssBANK0               bssBANK0     0000
__HbssCOMMON              bssCOMMON    0000
__Hcinit                  cinit        0027
__Hclrtext                clrtext      0000
__Hcode                   code         0000
__Hcommon                 common       0000
__Hconfig                 config       2009
__HcstackBANK0            cstackBANK0  0000
__HcstackCOMMON           cstackCOMMON 0000
__HdataBANK0              dataBANK0    0000
__Heeprom_data            eeprom_data  0000
__Hend_init               end_init     000F
__Hfunctab                functab      0039
__HidataBANK0             idataBANK0   0000
__Hidloc                  idloc        0000
__Hinit                   init         000C
__Hinittext               inittext     0000
__Hintentry               intentry     000C
__Hmaintext               maintext     0000
__Hpowerup                powerup      0000
__Hram                    ram          0000
__Hreset_vec              reset_vec    0003
__Hsfr0                   sfr0         0000
__Hsfr1                   sfr1         0000
__Hsfr2                   sfr2         0000
__Hsfr3                   sfr3         0000
__Hspace_0                (abs)        2009
__Hspace_1                (abs)        007A
__Hspace_2                (abs)        0000
__Hspace_3                (abs)        0000
__Hstack                  stack        0000
__Hstrings                strings      0000
__Htext                   text         0000
__Labs1                   abs1         0000
__Lbank0                  bank0        0000
__Lbank1                  bank1        0000
__Lbank2                  bank2        0000
__Lbank3                  bank3        0000
__LbssBANK0               bssBANK0     0000
__LbssCOMMON              bssCOMMON    0000
__Lcinit                  cinit        000F
__Lclrtext                clrtext      0000
__Lcode                   code         0000
__Lcommon                 common       0000
__Lconfig                 config       2007
__LcstackBANK0            cstackBANK0  0000
__LcstackCOMMON           cstackCOMMON 0000
__LdataBANK0              dataBANK0    0000
__Leeprom_data            eeprom_data  0000
__Lend_init               end_init     000C
__Lfunctab                functab      0027
__LidataBANK0             idataBANK0   0000
__Lidloc                  idloc        0000
__Linit                   init         000C
__Linittext               inittext     0000
__Lintentry               intentry     0004
__Lmaintext               maintext     0000
__Lpowerup                powerup      0000
__Lram                    ram          0000
__Lreset_vec              reset_vec    0000
__Lsfr0                   sfr0         0000
__Lsfr1                   sfr1         0000
__Lsfr2                   sfr2         0000
__Lsfr3                   sfr3         0000
__Lspace_0                (abs)        0000
__Lspace_1                (abs)        0000
__Lspace_2                (abs)        0000
__Lspace_3                (abs)        0000
__Lstack                  stack        0000
__Lstrings                strings      0000
__Ltext                   text         0000
__S0                      (abs)        2009
__S1                      (abs)        007A
__S2                      (abs)        0000
__S3                      (abs)        0000
___awdiv                  text11       04E0
___awdiv@counter          cstackBANK0  0027
___awdiv@dividend         cstackBANK0  0024
___awdiv@divisor          cstackBANK0  0022
___awdiv@quotient         cstackBANK0  0029
___awdiv@sign             cstackBANK0  0028
___awmod                  text10       0553
___awmod@counter          cstackBANK0  0021
___awmod@dividend         cstackCOMMON 0076
___awmod@divisor          cstackCOMMON 0074
___awmod@sign             cstackBANK0  0022
___int_sp                 stack        0000
___latbits                (abs)        0002
___lmul                   text3        0616
___lmul@multiplicand      cstackBANK0  0024
___lmul@multiplier        cstackBANK0  0020
___lmul@product           cstackBANK0  0028
___sp                     stack        0000
___wmul                   text2        0704
___wmul@multiplicand      cstackCOMMON 0076
___wmul@multiplier        cstackCOMMON 0074
___wmul@product           cstackBANK0  0020
__end_of_ADC_init         text8        0753
__end_of_ADC_int          text20       0772
__end_of_ADC_read         text4        1000
__end_of___awdiv          text11       0553
__end_of___awmod          text10       05B8
__end_of___lmul           text3        0662
__end_of___wmul           text2        0732
__end_of__fptable         functab      0039
__end_of__initialization  cinit        0023
__end_of__stringtab       strings      0326
__end_of_delay            text13       07A0
__end_of_dispLCD          text15       06D5
__end_of_dispLCD_clr      text14       07FE
__end_of_dispLCD_dataReg  text18       0704
__end_of_dispLCD_init     text12       06A3
__end_of_dispLCD_instReg  text17       04E0
__end_of_dispLCD_lincol   text16       07B5
__end_of_dispLCD_num      text9        0320
__end_of_isr              text19       07C9
__end_of_main             maintext     0231
__end_of_sensor_init      text7        07EC
__end_of_teclado          text6        0616
__end_of_teclado_init     text5        07F7
__end_of_temperatura      text1        0460
__fptable                 functab      0027
__initialization          cinit        000F
__pbssBANK0               bssBANK0     0058
__pbssCOMMON              bssCOMMON    0078
__pcstackBANK0            cstackBANK0  0020
__pcstackCOMMON           cstackCOMMON 0070
__pdataBANK0              dataBANK0    0041
__pfunctab                functab      0027
__pidataBANK0             idataBANK0   0772
__pintentry               intentry     0004
__pmaintext               maintext     0039
__pstrings                strings      0320
__ptext1                  text1        03C2
__ptext10                 text10       0553
__ptext11                 text11       04E0
__ptext12                 text12       0662
__ptext13                 text13       0789
__ptext14                 text14       07F7
__ptext15                 text15       06A3
__ptext16                 text16       07A0
__ptext17                 text17       0460
__ptext18                 text18       06D5
__ptext19                 text19       07B5
__ptext2                  text2        0704
__ptext20                 text20       0753
__ptext3                  text3        0616
__ptext4                  text4        0FFA
__ptext5                  text5        07EC
__ptext6                  text6        05B8
__ptext7                  text7        07DC
__ptext8                  text8        0732
__ptext9                  text9        0231
__size_of_ADC_init        (abs)        0000
__size_of_ADC_int         (abs)        0000
__size_of_ADC_read        (abs)        0000
__size_of___awdiv         (abs)        0000
__size_of___awmod         (abs)        0000
__size_of___lmul          (abs)        0000
__size_of___wmul          (abs)        0000
__size_of__fptable        (abs)        0000
__size_of_delay           (abs)        0000
__size_of_dispLCD         (abs)        0000
__size_of_dispLCD_clr     (abs)        0000
__size_of_dispLCD_dataReg (abs)        0000
__size_of_dispLCD_init    (abs)        0000
__size_of_dispLCD_instReg (abs)        0000
__size_of_dispLCD_lincol  (abs)        0000
__size_of_dispLCD_num     (abs)        0000
__size_of_isr             (abs)        0000
__size_of_main            (abs)        0000
__size_of_sensor_init     (abs)        0000
__size_of_teclado         (abs)        0000
__size_of_teclado_init    (abs)        0000
__size_of_temperatura     (abs)        0000
__stringbase              strings      0325
__stringtab               strings      0320
_delay                    text13       0789
_dispLCD                  text15       06A3
_dispLCD_B0               (abs)        0000
_dispLCD_B1               (abs)        0000
_dispLCD_clr              text14       07F7
_dispLCD_dataReg          text18       06D5
_dispLCD_init             text12       0662
_dispLCD_instReg          text17       0460
_dispLCD_lincol           text16       07A0
_dispLCD_num              text9        0231
_dispLCDstr               (abs)        0000
_isr                      text19       07B5
_main                     maintext     0039
_sensor_init              text7        07DC
_tMax_C                   bssBANK0     0058
_tMin_C                   bssBANK0     005A
_tabela                   dataBANK0    0041
_teclado                  text6        05B8
_teclado_init             text5        07EC
_temperatura              text1        03C2
btemp                     (abs)        007E
delay@t                   cstackCOMMON 0074
dispLCD@col               cstackBANK0  0023
dispLCD@lin               cstackBANK0  0022
dispLCD@str               cstackBANK0  0024
dispLCD_dataReg@d         cstackCOMMON 0076
dispLCD_instReg@i         cstackCOMMON 0076
dispLCD_lincol@col        cstackCOMMON 0077
dispLCD_lincol@lin        cstackBANK0  0021
dispLCD_num@col           cstackBANK0  002C
dispLCD_num@div           cstackBANK0  0035
dispLCD_num@lin           cstackBANK0  002B
dispLCD_num@num           cstackBANK0  002D
dispLCD_num@sinal         cstackBANK0  0034
dispLCD_num@size          cstackBANK0  0033
dispLCD_num@tam           cstackBANK0  002F
end_of_initialization     cinit        0023
entry__dispLCD            functab      002D
entry__dispLCD_clr        functab      0030
entry__dispLCD_init       functab      0033
entry__dispLCD_num        functab      0036
fpbase                    functab      002C
fptable                   functab      0027
fptotal                   (abs)        0008
init_fetch0               inittext     07C9
init_ram0                 inittext     07CD
interrupt_function        intentry     0004
intlevel0                 functab      0027
intlevel1                 functab      0027
intlevel2                 functab      0027
intlevel3                 functab      0027
intlevel4                 functab      0027
intlevel5                 functab      0027
main@estado               cstackBANK0  003A
main@sensor               cstackBANK0  003B
main@tecla                cstackBANK0  0039
reset_vec                 reset_vec    0000
saved_w                   (abs)        007E
sensor_init@tmax          cstackCOMMON 0076
sensor_init@tmin          cstackCOMMON 0074
stackhi                   (abs)        0000
stacklo                   (abs)        0000
start                     init         000C
start_initialization      cinit        000F
teclado@col               cstackBANK0  0021
teclado@lin               cstackBANK0  0022
teclado@tecla             cstackBANK0  0020
temperatura@ptr           cstackBANK0  0034
temperatura@t             cstackBANK0  0030
wtemp0                    (abs)        007E


FUNCTION INFORMATION:

 *************** function _main *****************
 Defined at:
		line 18 in file "../Temperature_Monitor-master/Temperature_Monitor-master/main.c"
 Parameters:    Size  Location     Type
		None
 Auto vars:     Size  Location     Type
  sensor          6   27[BANK0 ] struct SensorTemperatura
  estado          1   26[BANK0 ] unsigned char 
  tecla           1   25[BANK0 ] unsigned char 
 Return value:  Size  Location     Type
                  1    wreg      void 
 Registers used:
		wreg, fsr0l, fsr0h, status,2, status,0, btemp+1, pclath, cstack
 Tracked objects:
		On entry : 
		On exit  : 
		Unchanged: 
 Data sizes:     COMMON   BANK0   BANK1   BANK3   BANK2
      Params:         0       0       0       0       0
      Locals:         0       8       0       0       0
      Temps:          0       2       0       0       0
      Totals:         0      10       0       0       0
Total ram usage:       10 bytes
 Hardware stack levels required when called:    5
 This function calls:
		_delay
		_dispLCD
		_dispLCD_clr
		_dispLCD_init
		_dispLCD_num
		_sensor_init
		_teclado
		_teclado_init
		_temperatura
 This function is called by:
		Startup code after reset
 This function uses a non-reentrant model


 *************** function _temperatura *****************
 Defined at:
		line 24 in file "../Temperature_Monitor-master/Temperature_Monitor-master/sensor.c"
 Parameters:    Size  Location     Type
  ptr             1    wreg     PTR struct SensorTempera
		 -> main@sensor(6), 
 Auto vars:     Size  Location     Type
  ptr             1   20[BANK0 ] PTR struct SensorTempera
		 -> main@sensor(6), 
  t               4   16[BANK0 ] long 
 Return value:  Size  Location     Type
                  1    wreg      void 
 Registers used:
		wreg, fsr0l, fsr0h, status,2, status,0, pclath, cstack
 Tracked objects:
		On entry : 
		On exit  : 
		Unchanged: 
 Data sizes:     COMMON   BANK0   BANK1   BANK3   BANK2
      Params:         0       0       0       0       0
      Locals:         0       5       0       0       0
      Temps:          0       4       0       0       0
      Totals:         0       9       0       0       0
Total ram usage:        9 bytes
 Hardware stack levels used:    1
 Hardware stack levels required when called:    3
 This function calls:
		_ADC_read
		___awdiv
		___lmul
		___wmul
 This function is called by:
		_main
 This function uses a non-reentrant model


 *************** function ___wmul *****************
 Defined at:
		line 15 in file "C:\Program Files (x86)\Microchip\xc8\v2.00\pic\sources\c90\common\Umul16.c"
 Parameters:    Size  Location     Type
  multiplier      2    4[COMMON] unsigned int 
  multiplicand    2    6[COMMON] unsigned int 
 Auto vars:     Size  Location     Type
  product         2    0[BANK0 ] unsigned int 
 Return value:  Size  Location     Type
                  2    4[COMMON] unsigned int 
 Registers used:
		wreg, status,2, status,0
 Tracked objects:
		On entry : 
		On exit  : 
		Unchanged: 
 Data sizes:     COMMON   BANK0   BANK1   BANK3   BANK2
      Params:         4       0       0       0       0
      Locals:         0       2       0       0       0
      Temps:          0       0       0       0       0
      Totals:         4       2       0       0       0
Total ram usage:        6 bytes
 Hardware stack levels used:    1
 Hardware stack levels required when called:    2
 This function calls:
		Nothing
 This function is called by:
		_temperatura
 This function uses a non-reentrant model


 *************** function ___lmul *****************
 Defined at:
		line 15 in file "C:\Program Files (x86)\Microchip\xc8\v2.00\pic\sources\c90\common\Umul32.c"
 Parameters:    Size  Location     Type
  multiplier      4    0[BANK0 ] unsigned long 
  multiplicand    4    4[BANK0 ] unsigned long 
 Auto vars:     Size  Location     Type
  product         4    8[BANK0 ] unsigned long 
 Return value:  Size  Location     Type
                  4    0[BANK0 ] unsigned long 
 Registers used:
		wreg, status,2, status,0
 Tracked objects:
		On entry : 
		On exit  : 
		Unchanged: 
 Data sizes:     COMMON   BANK0   BANK1   BANK3   BANK2
      Params:         0       8       0       0       0
      Locals:         0       4       0       0       0
      Temps:          1       0       0       0       0
      Totals:         1      12       0       0       0
Total ram usage:       13 bytes
 Hardware stack levels used:    1
 Hardware stack levels required when called:    2
 This function calls:
		Nothing
 This function is called by:
		_temperatura
 This function uses a non-reentrant model


 *************** function _ADC_read *****************
 Defined at:
		line 39 in file "../Temperature_Monitor-master/Temperature_Monitor-master/adc.c"
 Parameters:    Size  Location     Type
		None
 Auto vars:     Size  Location     Type
		None
 Return value:  Size  Location     Type
                  2    4[COMMON] unsigned int 
 Registers used:
		wreg
 Tracked objects:
		On entry : 
		On exit  : 
		Unchanged: 
 Data sizes:     COMMON   BANK0   BANK1   BANK3   BANK2
      Params:         2       0       0       0       0
      Locals:         0       0       0       0       0
      Temps:          0       0       0       0       0
      Totals:         2       0       0       0       0
Total ram usage:        2 bytes
 Hardware stack levels used:    1
 Hardware stack levels required when called:    2
 This function calls:
		Nothing
 This function is called by:
		_temperatura
 This function uses a non-reentrant model


 *************** function _teclado_init *****************
 Defined at:
		line 28 in file "../Temperature_Monitor-master/Temperature_Monitor-master/keypad.c"
 Parameters:    Size  Location     Type
		None
 Auto vars:     Size  Location     Type
		None
 Return value:  Size  Location     Type
                  1    wreg      void 
 Registers used:
		wreg, status,2
 Tracked objects:
		On entry : 
		On exit  : 
		Unchanged: 
 Data sizes:     COMMON   BANK0   BANK1   BANK3   BANK2
      Params:         0       0       0       0       0
      Locals:         0       0       0       0       0
      Temps:          0       0       0       0       0
      Totals:         0       0       0       0       0
Total ram usage:        0 bytes
 Hardware stack levels used:    1
 Hardware stack levels required when called:    2
 This function calls:
		Nothing
 This function is called by:
		_main
 This function uses a non-reentrant model


 *************** function _teclado *****************
 Defined at:
		line 35 in file "../Temperature_Monitor-master/Temperature_Monitor-master/keypad.c"
 Parameters:    Size  Location     Type
		None
 Auto vars:     Size  Location     Type
  lin             1    2[BANK0 ] unsigned char 
  col             1    1[BANK0 ] unsigned char 
  tecla           1    0[BANK0 ] unsigned char 
 Return value:  Size  Location     Type
                  1    wreg      unsigned char 
 Registers used:
		wreg, fsr0l, fsr0h, status,2, status,0
 Tracked objects:
		On entry : 
		On exit  : 
		Unchanged: 
 Data sizes:     COMMON   BANK0   BANK1   BANK3   BANK2
      Params:         0       0       0       0       0
      Locals:         0       3       0       0       0
      Temps:          4       0       0       0       0
      Totals:         4       3       0       0       0
Total ram usage:        7 bytes
 Hardware stack levels used:    1
 Hardware stack levels required when called:    2
 This function calls:
		Nothing
 This function is called by:
		_main
 This function uses a non-reentrant model


 *************** function _sensor_init *****************
 Defined at:
		line 17 in file "../Temperature_Monitor-master/Temperature_Monitor-master/sensor.c"
 Parameters:    Size  Location     Type
  tmin            2    4[COMMON] int 
  tmax            2    6[COMMON] int 
 Auto vars:     Size  Location     Type
		None
 Return value:  Size  Location     Type
                  1    wreg      void 
 Registers used:
		wreg, status,2, status,0, pclath, cstack
 Tracked objects:
		On entry : 
		On exit  : 
		Unchanged: 
 Data sizes:     COMMON   BANK0   BANK1   BANK3   BANK2
      Params:         4       0       0       0       0
      Locals:         0       0       0       0       0
      Temps:          0       0       0       0       0
      Totals:         4       0       0       0       0
Total ram usage:        4 bytes
 Hardware stack levels used:    1
 Hardware stack levels required when called:    3
 This function calls:
		_ADC_init
 This function is called by:
		_main
 This function uses a non-reentrant model


 *************** function _ADC_init *****************
 Defined at:
		line 12 in file "../Temperature_Monitor-master/Temperature_Monitor-master/adc.c"
 Parameters:    Size  Location     Type
		None
 Auto vars:     Size  Location     Type
		None
 Return value:  Size  Location     Type
                  1    wreg      void 
 Registers used:
		wreg, status,2, status,0
 Tracked objects:
		On entry : 
		On exit  : 
		Unchanged: 
 Data sizes:     COMMON   BANK0   BANK1   BANK3   BANK2
      Params:         0       0       0       0       0
      Locals:         0       0       0       0       0
      Temps:          0       0       0       0       0
      Totals:         0       0       0       0       0
Total ram usage:        0 bytes
 Hardware stack levels used:    1
 Hardware stack levels required when called:    2
 This function calls:
		Nothing
 This function is called by:
		_sensor_init
 This function uses a non-reentrant model


 *************** function _dispLCD_num *****************
 Defined at:
		line 205 in file "../Temperature_Monitor-master/Temperature_Monitor-master/dispLCD4vias.c"
 Parameters:    Size  Location     Type
  lin             1   11[BANK0 ] unsigned char 
  col             1   12[BANK0 ] unsigned char 
  num             2   13[BANK0 ] int 
  tam             1   15[BANK0 ] unsigned char 
 Auto vars:     Size  Location     Type
  div             2   21[BANK0 ] int 
  sinal           1   20[BANK0 ] unsigned char 
  size            1   19[BANK0 ] unsigned char 
 Return value:  Size  Location     Type
                  1    wreg      void 
 Registers used:
		wreg, status,2, status,0, btemp+1, pclath, cstack
 Tracked objects:
		On entry : 
		On exit  : 
		Unchanged: 
 Data sizes:     COMMON   BANK0   BANK1   BANK3   BANK2
      Params:         0       5       0       0       0
      Locals:         0       4       0       0       0
      Temps:          0       3       0       0       0
      Totals:         0      12       0       0       0
Total ram usage:       12 bytes
 Hardware stack levels used:    1
 Hardware stack levels required when called:    4
 This function calls:
		___awdiv
		___awmod
		_dispLCD_dataReg
		_dispLCD_lincol
 This function is called by:
		_main
 This function uses a non-reentrant model


 *************** function ___awmod *****************
 Defined at:
		line 5 in file "C:\Program Files (x86)\Microchip\xc8\v2.00\pic\sources\c90\common\awmod.c"
 Parameters:    Size  Location     Type
  divisor         2    4[COMMON] int 
  dividend        2    6[COMMON] int 
 Auto vars:     Size  Location     Type
  sign            1    2[BANK0 ] unsigned char 
  counter         1    1[BANK0 ] unsigned char 
 Return value:  Size  Location     Type
                  2    4[COMMON] int 
 Registers used:
		wreg, status,2, status,0
 Tracked objects:
		On entry : 
		On exit  : 
		Unchanged: 
 Data sizes:     COMMON   BANK0   BANK1   BANK3   BANK2
      Params:         4       0       0       0       0
      Locals:         0       2       0       0       0
      Temps:          0       1       0       0       0
      Totals:         4       3       0       0       0
Total ram usage:        7 bytes
 Hardware stack levels used:    1
 Hardware stack levels required when called:    2
 This function calls:
		Nothing
 This function is called by:
		_dispLCD_num
 This function uses a non-reentrant model


 *************** function ___awdiv *****************
 Defined at:
		line 5 in file "C:\Program Files (x86)\Microchip\xc8\v2.00\pic\sources\c90\common\awdiv.c"
 Parameters:    Size  Location     Type
  divisor         2    2[BANK0 ] int 
  dividend        2    4[BANK0 ] int 
 Auto vars:     Size  Location     Type
  quotient        2    9[BANK0 ] int 
  sign            1    8[BANK0 ] unsigned char 
  counter         1    7[BANK0 ] unsigned char 
 Return value:  Size  Location     Type
                  2    2[BANK0 ] int 
 Registers used:
		wreg, status,2, status,0
 Tracked objects:
		On entry : 
		On exit  : 
		Unchanged: 
 Data sizes:     COMMON   BANK0   BANK1   BANK3   BANK2
      Params:         0       4       0       0       0
      Locals:         0       4       0       0       0
      Temps:          0       1       0       0       0
      Totals:         0       9       0       0       0
Total ram usage:        9 bytes
 Hardware stack levels used:    1
 Hardware stack levels required when called:    2
 This function calls:
		Nothing
 This function is called by:
		_dispLCD_num
		_temperatura
 This function uses a non-reentrant model


 *************** function _dispLCD_init *****************
 Defined at:
		line 157 in file "../Temperature_Monitor-master/Temperature_Monitor-master/dispLCD4vias.c"
 Parameters:    Size  Location     Type
		None
 Auto vars:     Size  Location     Type
		None
 Return value:  Size  Location     Type
                  1    wreg      void 
 Registers used:
		wreg, status,2, status,0, pclath, cstack
 Tracked objects:
		On entry : 
		On exit  : 
		Unchanged: 
 Data sizes:     COMMON   BANK0   BANK1   BANK3   BANK2
      Params:         0       0       0       0       0
      Locals:         0       0       0       0       0
      Temps:          0       0       0       0       0
      Totals:         0       0       0       0       0
Total ram usage:        0 bytes
 Hardware stack levels used:    1
 Hardware stack levels required when called:    3
 This function calls:
		_delay
		_dispLCD_instReg
 This function is called by:
		_main
 This function uses a non-reentrant model


 *************** function _delay *****************
 Defined at:
		line 12 in file "../Temperature_Monitor-master/Temperature_Monitor-master/delay.c"
 Parameters:    Size  Location     Type
  t               2    4[COMMON] unsigned int 
 Auto vars:     Size  Location     Type
		None
 Return value:  Size  Location     Type
                  1    wreg      void 
 Registers used:
		wreg, status,2, status,0
 Tracked objects:
		On entry : 
		On exit  : 
		Unchanged: 
 Data sizes:     COMMON   BANK0   BANK1   BANK3   BANK2
      Params:         2       0       0       0       0
      Locals:         0       0       0       0       0
      Temps:          1       0       0       0       0
      Totals:         3       0       0       0       0
Total ram usage:        3 bytes
 Hardware stack levels used:    1
 Hardware stack levels required when called:    2
 This function calls:
		Nothing
 This function is called by:
		_dispLCD_init
		_main
 This function uses a non-reentrant model


 *************** function _dispLCD_clr *****************
 Defined at:
		line 248 in file "../Temperature_Monitor-master/Temperature_Monitor-master/dispLCD4vias.c"
 Parameters:    Size  Location     Type
		None
 Auto vars:     Size  Location     Type
		None
 Return value:  Size  Location     Type
                  1    wreg      void 
 Registers used:
		wreg, status,2, status,0, pclath, cstack
 Tracked objects:
		On entry : 
		On exit  : 
		Unchanged: 
 Data sizes:     COMMON   BANK0   BANK1   BANK3   BANK2
      Params:         0       0       0       0       0
      Locals:         0       0       0       0       0
      Temps:          0       0       0       0       0
      Totals:         0       0       0       0       0
Total ram usage:        0 bytes
 Hardware stack levels used:    1
 Hardware stack levels required when called:    3
 This function calls:
		_dispLCD_instReg
 This function is called by:
		_main
 This function uses a non-reentrant model


 *************** function _dispLCD *****************
 Defined at:
		line 178 in file "../Temperature_Monitor-master/Temperature_Monitor-master/dispLCD4vias.c"
 Parameters:    Size  Location     Type
  lin             1    2[BANK0 ] unsigned char 
  col             1    3[BANK0 ] unsigned char 
  str             1    4[BANK0 ] PTR const unsigned char 
		 -> STR_10(17), STR_9(17), STR_8(17), STR_7(17), 
		 -> STR_6(17), STR_5(17), STR_4(20), STR_3(17), 
		 -> STR_2(17), STR_1(17), 
 Auto vars:     Size  Location     Type
		None
 Return value:  Size  Location     Type
                  1    wreg      void 
 Registers used:
		wreg, fsr0l, fsr0h, status,2, status,0, pclath, cstack
 Tracked objects:
		On entry : 
		On exit  : 
		Unchanged: 
 Data sizes:     COMMON   BANK0   BANK1   BANK3   BANK2
      Params:         0       3       0       0       0
      Locals:         0       0       0       0       0
      Temps:          0       1       0       0       0
      Totals:         0       4       0       0       0
Total ram usage:        4 bytes
 Hardware stack levels used:    1
 Hardware stack levels required when called:    4
 This function calls:
		_dispLCD_dataReg
		_dispLCD_lincol
 This function is called by:
		_main
 This function uses a non-reentrant model


 *************** function _dispLCD_lincol *****************
 Defined at:
		line 135 in file "../Temperature_Monitor-master/Temperature_Monitor-master/dispLCD4vias.c"
 Parameters:    Size  Location     Type
  lin             1    wreg     unsigned char 
  col             1    7[COMMON] unsigned char 
 Auto vars:     Size  Location     Type
  lin             1    1[BANK0 ] unsigned char 
 Return value:  Size  Location     Type
                  1    wreg      void 
 Registers used:
		wreg, status,2, status,0, pclath, cstack
 Tracked objects:
		On entry : 
		On exit  : 
		Unchanged: 
 Data sizes:     COMMON   BANK0   BANK1   BANK3   BANK2
      Params:         1       0       0       0       0
      Locals:         0       1       0       0       0
      Temps:          0       1       0       0       0
      Totals:         1       2       0       0       0
Total ram usage:        3 bytes
 Hardware stack levels used:    1
 Hardware stack levels required when called:    3
 This function calls:
		_dispLCD_instReg
 This function is called by:
		_dispLCD
		_dispLCD_num
		_dispLCD_putChar
		_dispLCDstr
 This function uses a non-reentrant model


 *************** function _dispLCD_instReg *****************
 Defined at:
		line 86 in file "../Temperature_Monitor-master/Temperature_Monitor-master/dispLCD4vias.c"
 Parameters:    Size  Location     Type
  i               1    wreg     unsigned char 
 Auto vars:     Size  Location     Type
  i               1    6[COMMON] unsigned char 
 Return value:  Size  Location     Type
                  1    wreg      void 
 Registers used:
		wreg, status,2, status,0
 Tracked objects:
		On entry : 
		On exit  : 
		Unchanged: 
 Data sizes:     COMMON   BANK0   BANK1   BANK3   BANK2
      Params:         0       0       0       0       0
      Locals:         1       0       0       0       0
      Temps:          2       0       0       0       0
      Totals:         3       0       0       0       0
Total ram usage:        3 bytes
 Hardware stack levels used:    1
 Hardware stack levels required when called:    2
 This function calls:
		Nothing
 This function is called by:
		_dispLCD_lincol
		_dispLCD_init
		_dispLCD_clr
		_dispLCD_newChar
 This function uses a non-reentrant model


 *************** function _dispLCD_dataReg *****************
 Defined at:
		line 119 in file "../Temperature_Monitor-master/Temperature_Monitor-master/dispLCD4vias.c"
 Parameters:    Size  Location     Type
  d               1    wreg     unsigned char 
 Auto vars:     Size  Location     Type
  d               1    6[COMMON] unsigned char 
 Return value:  Size  Location     Type
                  1    wreg      void 
 Registers used:
		wreg, status,2, status,0
 Tracked objects:
		On entry : 
		On exit  : 
		Unchanged: 
 Data sizes:     COMMON   BANK0   BANK1   BANK3   BANK2
      Params:         0       0       0       0       0
      Locals:         1       0       0       0       0
      Temps:          2       0       0       0       0
      Totals:         3       0       0       0       0
Total ram usage:        3 bytes
 Hardware stack levels used:    1
 Hardware stack levels required when called:    2
 This function calls:
		Nothing
 This function is called by:
		_dispLCD
		_dispLCD_num
		_dispLCD_newChar
		_dispLCD_putChar
		_dispLCDstr
 This function uses a non-reentrant model


 *************** function _isr *****************
 Defined at:
		line 14 in file "../Temperature_Monitor-master/Temperature_Monitor-master/interrupt.c"
 Parameters:    Size  Location     Type
		None
 Auto vars:     Size  Location     Type
		None
 Return value:  Size  Location     Type
                  1    wreg      void 
 Registers used:
		wreg, status,2, status,0, pclath, cstack
 Tracked objects:
		On entry : 
		On exit  : 
		Unchanged: 
 Data sizes:     COMMON   BANK0   BANK1   BANK3   BANK2
      Params:         0       0       0       0       0
      Locals:         0       0       0       0       0
      Temps:          2       0       0       0       0
      Totals:         2       0       0       0       0
Total ram usage:        2 bytes
 Hardware stack levels used:    1
 Hardware stack levels required when called:    1
 This function calls:
		_ADC_int
 This function is called by:
		Interrupt level 1
 This function uses a non-reentrant model


 *************** function _ADC_int *****************
 Defined at:
		line 31 in file "../Temperature_Monitor-master/Temperature_Monitor-master/adc.c"
 Parameters:    Size  Location     Type
		None
 Auto vars:     Size  Location     Type
		None
 Return value:  Size  Location     Type
                  1    wreg      void 
 Registers used:
		wreg
 Tracked objects:
		On entry : 
		On exit  : 
		Unchanged: 
 Data sizes:     COMMON   BANK0   BANK1   BANK3   BANK2
      Params:         0       0       0       0       0
      Locals:         0       0       0       0       0
      Temps:          2       0       0       0       0
      Totals:         2       0       0       0       0
Total ram usage:        2 bytes
 Hardware stack levels used:    1
 This function calls:
		Nothing
 This function is called by:
		_isr
 This function uses a non-reentrant model



MODULE INFORMATION

Module		Function		Class		Link	Load	Size
../Temperature_Monitor-master/Temperature_Monitor-master/sensor.c
		_temperatura   		CODE           	03C2	0000	159
		_sensor_init   		CODE           	07DC	0000	17

../Temperature_Monitor-master/Temperature_Monitor-master/sensor.c estimated size: 176

../Temperature_Monitor-master/Temperature_Monitor-master/dispLCD4vias.c
		_dispLCD_lincol		CODE           	07A0	0000	22
		_dispLCD_dataReg		CODE           	06D5	0000	48
		_dispLCD_instReg		CODE           	0460	0000	129
		_dispLCD       		CODE           	06A3	0000	51
		_dispLCD_clr   		CODE           	07F7	0000	8
		_dispLCD_num   		CODE           	0231	0000	240
		_dispLCD_init  		CODE           	0662	0000	66

../Temperature_Monitor-master/Temperature_Monitor-master/dispLCD4vias.c estimated size: 564

../Temperature_Monitor-master/Temperature_Monitor-master/main.c
		_main          		CODE           	0039	0000	505

../Temperature_Monitor-master/Temperature_Monitor-master/main.c estimated size: 505

C:\Program Files (x86)\Microchip\xc8\v2.00\pic\sources\c90\common\awmod.c
		___awmod       		CODE           	0553	0000	102

C:\Program Files (x86)\Microchip\xc8\v2.00\pic\sources\c90\common\awmod.c estimated size: 102

C:\Program Files (x86)\Microchip\xc8\v2.00\pic\sources\c90\common\Umul16.c
		___wmul        		CODE           	0704	0000	47

C:\Program Files (x86)\Microchip\xc8\v2.00\pic\sources\c90\common\Umul16.c estimated size: 47

C:\Program Files (x86)\Microchip\xc8\v2.00\pic\sources\c90\common\awdiv.c
		___awdiv       		CODE           	04E0	0000	116

C:\Program Files (x86)\Microchip\xc8\v2.00\pic\sources\c90\common\awdiv.c estimated size: 116

../Temperature_Monitor-master/Temperature_Monitor-master/interrupt.c
		_isr           		CODE           	07B5	0000	21

../Temperature_Monitor-master/Temperature_Monitor-master/interrupt.c estimated size: 21

C:\Program Files (x86)\Microchip\xc8\v2.00\pic\sources\c90\common\Umul32.c
		___lmul        		CODE           	0616	0000	77

C:\Program Files (x86)\Microchip\xc8\v2.00\pic\sources\c90\common\Umul32.c estimated size: 77

../Temperature_Monitor-master/Temperature_Monitor-master/delay.c
		_delay         		CODE           	0789	0000	24

../Temperature_Monitor-master/Temperature_Monitor-master/delay.c estimated size: 24

shared
		__stringtab    		STRING         	0320	0000	7
		__initialization		CODE           	000F	0000	21
		__fptable      		ENTRY          	0027	0000	19

shared estimated size: 47

../Temperature_Monitor-master/Temperature_Monitor-master/keypad.c
		_teclado       		CODE           	05B8	0000	95
		_teclado_init  		CODE           	07EC	0000	12

../Temperature_Monitor-master/Temperature_Monitor-master/keypad.c estimated size: 107

../Temperature_Monitor-master/Temperature_Monitor-master/adc.c
		_ADC_read      		CODE           	0FFA	0000	7
		_ADC_init      		CODE           	0732	0000	34
		_ADC_int       		CODE           	0753	0000	32

../Temperature_Monitor-master/Temperature_Monitor-master/adc.c estimated size: 73

